2025-12-29 02:40:08 +00:00: Watching for file changes with StatReloader
2025-12-29 02:40:09 +00:00: Exception in thread django-main-thread:
2025-12-29 02:40:09 +00:00: Traceback (most recent call last):
2025-12-29 02:40:09 +00:00:   File "/usr/lib64/python3.9/threading.py", line 980, in _bootstrap_inner
2025-12-29 02:40:09 +00:00:     self.run()
2025-12-29 02:40:09 +00:00:   File "/usr/lib64/python3.9/threading.py", line 917, in run
2025-12-29 02:40:09 +00:00:     self._target(*self._args, **self._kwargs)
2025-12-29 02:40:09 +00:00:   File "/var/www/spirit-bead-backend/venv/lib64/python3.9/site-packages/django/utils/autoreload.py", line 64, in wrapper
2025-12-29 02:40:09 +00:00:     fn(*args, **kwargs)
2025-12-29 02:40:09 +00:00:   File "/var/www/spirit-bead-backend/venv/lib64/python3.9/site-packages/django/core/management/commands/runserver.py", line 136, in inner_run
2025-12-29 02:40:09 +00:00:     self.check_migrations()
2025-12-29 02:40:09 +00:00:   File "/var/www/spirit-bead-backend/venv/lib64/python3.9/site-packages/django/core/management/base.py", line 574, in check_migrations
2025-12-29 02:40:09 +00:00:     executor = MigrationExecutor(connections[DEFAULT_DB_ALIAS])
2025-12-29 02:40:09 +00:00:   File "/var/www/spirit-bead-backend/venv/lib64/python3.9/site-packages/django/db/migrations/executor.py", line 18, in __init__
2025-12-29 02:40:09 +00:00:     self.loader = MigrationLoader(self.connection)
2025-12-29 02:40:09 +00:00:   File "/var/www/spirit-bead-backend/venv/lib64/python3.9/site-packages/django/db/migrations/loader.py", line 58, in __init__
2025-12-29 02:40:09 +00:00:     self.build_graph()
2025-12-29 02:40:09 +00:00:   File "/var/www/spirit-bead-backend/venv/lib64/python3.9/site-packages/django/db/migrations/loader.py", line 229, in build_graph
2025-12-29 02:40:09 +00:00:     self.load_disk()
2025-12-29 02:40:09 +00:00:   File "/var/www/spirit-bead-backend/venv/lib64/python3.9/site-packages/django/db/migrations/loader.py", line 130, in load_disk
2025-12-29 02:40:09 +00:00:     raise BadMigrationError(
2025-12-29 02:40:09 +00:00: django.db.migrations.exceptions.BadMigrationError: Migration 0003_create_sample_images in app products has no Migration class
2026-01-02 04:49:34 +00:00: Traceback (most recent call last):
2026-01-02 04:49:34 +00:00:   File "/var/www/spirit-bead-backend/manage.py", line 11, in main
2026-01-02 04:49:34 +00:00:     from django.core.management import execute_from_command_line
2026-01-02 04:49:34 +00:00: ModuleNotFoundError: No module named 'django'
2026-01-02 04:49:34 +00:00: 
2026-01-02 04:49:34 +00:00: The above exception was the direct cause of the following exception:
2026-01-02 04:49:34 +00:00: 
2026-01-02 04:49:34 +00:00: Traceback (most recent call last):
2026-01-02 04:49:34 +00:00:   File "/var/www/spirit-bead-backend/manage.py", line 22, in <module>
2026-01-02 04:49:34 +00:00:     main()
2026-01-02 04:49:34 +00:00:   File "/var/www/spirit-bead-backend/manage.py", line 13, in main
2026-01-02 04:49:34 +00:00:     raise ImportError(
2026-01-02 04:49:34 +00:00: ImportError: Couldn't import Django. Are you sure it's installed and available on your PYTHONPATH environment variable? Did you forget to activate a virtual environment?
2026-01-02 04:49:34 +00:00: Traceback (most recent call last):
2026-01-02 04:49:34 +00:00:   File "/var/www/spirit-bead-backend/manage.py", line 11, in main
2026-01-02 04:49:34 +00:00:     from django.core.management import execute_from_command_line
2026-01-02 04:49:34 +00:00: ModuleNotFoundError: No module named 'django'
2026-01-02 04:49:34 +00:00: 
2026-01-02 04:49:34 +00:00: The above exception was the direct cause of the following exception:
2026-01-02 04:49:34 +00:00: 
2026-01-02 04:49:34 +00:00: Traceback (most recent call last):
2026-01-02 04:49:34 +00:00:   File "/var/www/spirit-bead-backend/manage.py", line 22, in <module>
2026-01-02 04:49:34 +00:00:     main()
2026-01-02 04:49:34 +00:00:   File "/var/www/spirit-bead-backend/manage.py", line 13, in main
2026-01-02 04:49:34 +00:00:     raise ImportError(
2026-01-02 04:49:34 +00:00: ImportError: Couldn't import Django. Are you sure it's installed and available on your PYTHONPATH environment variable? Did you forget to activate a virtual environment?
2026-01-02 04:49:34 +00:00: Traceback (most recent call last):
2026-01-02 04:49:34 +00:00:   File "/var/www/spirit-bead-backend/manage.py", line 11, in main
2026-01-02 04:49:34 +00:00:     from django.core.management import execute_from_command_line
2026-01-02 04:49:34 +00:00: ModuleNotFoundError: No module named 'django'
2026-01-02 04:49:34 +00:00: 
2026-01-02 04:49:34 +00:00: The above exception was the direct cause of the following exception:
2026-01-02 04:49:34 +00:00: 
2026-01-02 04:49:34 +00:00: Traceback (most recent call last):
2026-01-02 04:49:34 +00:00:   File "/var/www/spirit-bead-backend/manage.py", line 22, in <module>
2026-01-02 04:49:34 +00:00:     main()
2026-01-02 04:49:34 +00:00:   File "/var/www/spirit-bead-backend/manage.py", line 13, in main
2026-01-02 04:49:34 +00:00:     raise ImportError(
2026-01-02 04:49:34 +00:00: ImportError: Couldn't import Django. Are you sure it's installed and available on your PYTHONPATH environment variable? Did you forget to activate a virtual environment?
2026-01-02 04:49:34 +00:00: Traceback (most recent call last):
2026-01-02 04:49:34 +00:00:   File "/var/www/spirit-bead-backend/manage.py", line 11, in main
2026-01-02 04:49:34 +00:00:     from django.core.management import execute_from_command_line
2026-01-02 04:49:34 +00:00: ModuleNotFoundError: No module named 'django'
2026-01-02 04:49:34 +00:00: 
2026-01-02 04:49:34 +00:00: The above exception was the direct cause of the following exception:
2026-01-02 04:49:34 +00:00: 
2026-01-02 04:49:34 +00:00: Traceback (most recent call last):
2026-01-02 04:49:34 +00:00:   File "/var/www/spirit-bead-backend/manage.py", line 22, in <module>
2026-01-02 04:49:34 +00:00:     main()
2026-01-02 04:49:34 +00:00:   File "/var/www/spirit-bead-backend/manage.py", line 13, in main
2026-01-02 04:49:34 +00:00:     raise ImportError(
2026-01-02 04:49:34 +00:00: ImportError: Couldn't import Django. Are you sure it's installed and available on your PYTHONPATH environment variable? Did you forget to activate a virtual environment?
2026-01-02 04:49:34 +00:00: Traceback (most recent call last):
2026-01-02 04:49:34 +00:00:   File "/var/www/spirit-bead-backend/manage.py", line 11, in main
2026-01-02 04:49:34 +00:00:     from django.core.management import execute_from_command_line
2026-01-02 04:49:34 +00:00: ModuleNotFoundError: No module named 'django'
2026-01-02 04:49:34 +00:00: 
2026-01-02 04:49:34 +00:00: The above exception was the direct cause of the following exception:
2026-01-02 04:49:34 +00:00: 
2026-01-02 04:49:34 +00:00: Traceback (most recent call last):
2026-01-02 04:49:34 +00:00:   File "/var/www/spirit-bead-backend/manage.py", line 22, in <module>
2026-01-02 04:49:34 +00:00:     main()
2026-01-02 04:49:34 +00:00:   File "/var/www/spirit-bead-backend/manage.py", line 13, in main
2026-01-02 04:49:34 +00:00:     raise ImportError(
2026-01-02 04:49:34 +00:00: ImportError: Couldn't import Django. Are you sure it's installed and available on your PYTHONPATH environment variable? Did you forget to activate a virtual environment?
2026-01-02 04:49:34 +00:00: Traceback (most recent call last):
2026-01-02 04:49:34 +00:00:   File "/var/www/spirit-bead-backend/manage.py", line 11, in main
2026-01-02 04:49:34 +00:00:     from django.core.management import execute_from_command_line
2026-01-02 04:49:34 +00:00: ModuleNotFoundError: No module named 'django'
2026-01-02 04:49:34 +00:00: 
2026-01-02 04:49:34 +00:00: The above exception was the direct cause of the following exception:
2026-01-02 04:49:34 +00:00: 
2026-01-02 04:49:34 +00:00: Traceback (most recent call last):
2026-01-02 04:49:34 +00:00:   File "/var/www/spirit-bead-backend/manage.py", line 22, in <module>
2026-01-02 04:49:34 +00:00:     main()
2026-01-02 04:49:34 +00:00:   File "/var/www/spirit-bead-backend/manage.py", line 13, in main
2026-01-02 04:49:34 +00:00:     raise ImportError(
2026-01-02 04:49:34 +00:00: ImportError: Couldn't import Django. Are you sure it's installed and available on your PYTHONPATH environment variable? Did you forget to activate a virtual environment?
2026-01-02 04:49:34 +00:00: Traceback (most recent call last):
2026-01-02 04:49:34 +00:00:   File "/var/www/spirit-bead-backend/manage.py", line 11, in main
2026-01-02 04:49:34 +00:00:     from django.core.management import execute_from_command_line
2026-01-02 04:49:34 +00:00: ModuleNotFoundError: No module named 'django'
2026-01-02 04:49:34 +00:00: 
2026-01-02 04:49:34 +00:00: The above exception was the direct cause of the following exception:
2026-01-02 04:49:34 +00:00: 
2026-01-02 04:49:34 +00:00: Traceback (most recent call last):
2026-01-02 04:49:34 +00:00:   File "/var/www/spirit-bead-backend/manage.py", line 22, in <module>
2026-01-02 04:49:34 +00:00:     main()
2026-01-02 04:49:34 +00:00:   File "/var/www/spirit-bead-backend/manage.py", line 13, in main
2026-01-02 04:49:34 +00:00:     raise ImportError(
2026-01-02 04:49:34 +00:00: ImportError: Couldn't import Django. Are you sure it's installed and available on your PYTHONPATH environment variable? Did you forget to activate a virtual environment?
2026-01-02 04:49:34 +00:00: Traceback (most recent call last):
2026-01-02 04:49:34 +00:00:   File "/var/www/spirit-bead-backend/manage.py", line 11, in main
2026-01-02 04:49:34 +00:00:     from django.core.management import execute_from_command_line
2026-01-02 04:49:34 +00:00: ModuleNotFoundError: No module named 'django'
2026-01-02 04:49:34 +00:00: 
2026-01-02 04:49:34 +00:00: The above exception was the direct cause of the following exception:
2026-01-02 04:49:34 +00:00: 
2026-01-02 04:49:34 +00:00: Traceback (most recent call last):
2026-01-02 04:49:34 +00:00:   File "/var/www/spirit-bead-backend/manage.py", line 22, in <module>
2026-01-02 04:49:34 +00:00:     main()
2026-01-02 04:49:34 +00:00:   File "/var/www/spirit-bead-backend/manage.py", line 13, in main
2026-01-02 04:49:34 +00:00:     raise ImportError(
2026-01-02 04:49:34 +00:00: ImportError: Couldn't import Django. Are you sure it's installed and available on your PYTHONPATH environment variable? Did you forget to activate a virtual environment?
2026-01-02 04:49:34 +00:00: Traceback (most recent call last):
2026-01-02 04:49:34 +00:00:   File "/var/www/spirit-bead-backend/manage.py", line 11, in main
2026-01-02 04:49:34 +00:00:     from django.core.management import execute_from_command_line
2026-01-02 04:49:34 +00:00: ModuleNotFoundError: No module named 'django'
2026-01-02 04:49:34 +00:00: 
2026-01-02 04:49:34 +00:00: The above exception was the direct cause of the following exception:
2026-01-02 04:49:34 +00:00: 
2026-01-02 04:49:34 +00:00: Traceback (most recent call last):
2026-01-02 04:49:34 +00:00:   File "/var/www/spirit-bead-backend/manage.py", line 22, in <module>
2026-01-02 04:49:34 +00:00:     main()
2026-01-02 04:49:34 +00:00:   File "/var/www/spirit-bead-backend/manage.py", line 13, in main
2026-01-02 04:49:34 +00:00:     raise ImportError(
2026-01-02 04:49:34 +00:00: ImportError: Couldn't import Django. Are you sure it's installed and available on your PYTHONPATH environment variable? Did you forget to activate a virtual environment?
2026-01-02 04:49:35 +00:00: Traceback (most recent call last):
2026-01-02 04:49:35 +00:00:   File "/var/www/spirit-bead-backend/manage.py", line 11, in main
2026-01-02 04:49:35 +00:00:     from django.core.management import execute_from_command_line
2026-01-02 04:49:35 +00:00: ModuleNotFoundError: No module named 'django'
2026-01-02 04:49:35 +00:00: 
2026-01-02 04:49:35 +00:00: The above exception was the direct cause of the following exception:
2026-01-02 04:49:35 +00:00: 
2026-01-02 04:49:35 +00:00: Traceback (most recent call last):
2026-01-02 04:49:35 +00:00:   File "/var/www/spirit-bead-backend/manage.py", line 22, in <module>
2026-01-02 04:49:35 +00:00:     main()
2026-01-02 04:49:35 +00:00:   File "/var/www/spirit-bead-backend/manage.py", line 13, in main
2026-01-02 04:49:35 +00:00:     raise ImportError(
2026-01-02 04:49:35 +00:00: ImportError: Couldn't import Django. Are you sure it's installed and available on your PYTHONPATH environment variable? Did you forget to activate a virtual environment?
2026-01-02 04:49:35 +00:00: Traceback (most recent call last):
2026-01-02 04:49:35 +00:00:   File "/var/www/spirit-bead-backend/manage.py", line 11, in main
2026-01-02 04:49:35 +00:00:     from django.core.management import execute_from_command_line
2026-01-02 04:49:35 +00:00: ModuleNotFoundError: No module named 'django'
2026-01-02 04:49:35 +00:00: 
2026-01-02 04:49:35 +00:00: The above exception was the direct cause of the following exception:
2026-01-02 04:49:35 +00:00: 
2026-01-02 04:49:35 +00:00: Traceback (most recent call last):
2026-01-02 04:49:35 +00:00:   File "/var/www/spirit-bead-backend/manage.py", line 22, in <module>
2026-01-02 04:49:35 +00:00:     main()
2026-01-02 04:49:35 +00:00:   File "/var/www/spirit-bead-backend/manage.py", line 13, in main
2026-01-02 04:49:35 +00:00:     raise ImportError(
2026-01-02 04:49:35 +00:00: ImportError: Couldn't import Django. Are you sure it's installed and available on your PYTHONPATH environment variable? Did you forget to activate a virtual environment?
2026-01-02 04:49:35 +00:00: Traceback (most recent call last):
2026-01-02 04:49:35 +00:00:   File "/var/www/spirit-bead-backend/manage.py", line 11, in main
2026-01-02 04:49:35 +00:00:     from django.core.management import execute_from_command_line
2026-01-02 04:49:35 +00:00: ModuleNotFoundError: No module named 'django'
2026-01-02 04:49:35 +00:00: 
2026-01-02 04:49:35 +00:00: The above exception was the direct cause of the following exception:
2026-01-02 04:49:35 +00:00: 
2026-01-02 04:49:35 +00:00: Traceback (most recent call last):
2026-01-02 04:49:35 +00:00:   File "/var/www/spirit-bead-backend/manage.py", line 22, in <module>
2026-01-02 04:49:35 +00:00:     main()
2026-01-02 04:49:35 +00:00:   File "/var/www/spirit-bead-backend/manage.py", line 13, in main
2026-01-02 04:49:35 +00:00:     raise ImportError(
2026-01-02 04:49:35 +00:00: ImportError: Couldn't import Django. Are you sure it's installed and available on your PYTHONPATH environment variable? Did you forget to activate a virtual environment?
2026-01-02 04:49:35 +00:00: Traceback (most recent call last):
2026-01-02 04:49:35 +00:00:   File "/var/www/spirit-bead-backend/manage.py", line 11, in main
2026-01-02 04:49:35 +00:00:     from django.core.management import execute_from_command_line
2026-01-02 04:49:35 +00:00: ModuleNotFoundError: No module named 'django'
2026-01-02 04:49:35 +00:00: 
2026-01-02 04:49:35 +00:00: The above exception was the direct cause of the following exception:
2026-01-02 04:49:35 +00:00: 
2026-01-02 04:49:35 +00:00: Traceback (most recent call last):
2026-01-02 04:49:35 +00:00:   File "/var/www/spirit-bead-backend/manage.py", line 22, in <module>
2026-01-02 04:49:35 +00:00:     main()
2026-01-02 04:49:35 +00:00:   File "/var/www/spirit-bead-backend/manage.py", line 13, in main
2026-01-02 04:49:35 +00:00:     raise ImportError(
2026-01-02 04:49:35 +00:00: ImportError: Couldn't import Django. Are you sure it's installed and available on your PYTHONPATH environment variable? Did you forget to activate a virtual environment?
2026-01-02 04:49:35 +00:00: Traceback (most recent call last):
2026-01-02 04:49:35 +00:00:   File "/var/www/spirit-bead-backend/manage.py", line 11, in main
2026-01-02 04:49:35 +00:00:     from django.core.management import execute_from_command_line
2026-01-02 04:49:35 +00:00: ModuleNotFoundError: No module named 'django'
2026-01-02 04:49:35 +00:00: 
2026-01-02 04:49:35 +00:00: The above exception was the direct cause of the following exception:
2026-01-02 04:49:35 +00:00: 
2026-01-02 04:49:35 +00:00: Traceback (most recent call last):
2026-01-02 04:49:35 +00:00:   File "/var/www/spirit-bead-backend/manage.py", line 22, in <module>
2026-01-02 04:49:35 +00:00:     main()
2026-01-02 04:49:35 +00:00:   File "/var/www/spirit-bead-backend/manage.py", line 13, in main
2026-01-02 04:49:35 +00:00:     raise ImportError(
2026-01-02 04:49:35 +00:00: ImportError: Couldn't import Django. Are you sure it's installed and available on your PYTHONPATH environment variable? Did you forget to activate a virtual environment?
2026-01-02 04:49:35 +00:00: Traceback (most recent call last):
2026-01-02 04:49:35 +00:00:   File "/var/www/spirit-bead-backend/manage.py", line 11, in main
2026-01-02 04:49:35 +00:00:     from django.core.management import execute_from_command_line
2026-01-02 04:49:35 +00:00: ModuleNotFoundError: No module named 'django'
2026-01-02 04:49:35 +00:00: 
2026-01-02 04:49:35 +00:00: The above exception was the direct cause of the following exception:
2026-01-02 04:49:35 +00:00: 
2026-01-02 04:49:35 +00:00: Traceback (most recent call last):
2026-01-02 04:49:35 +00:00:   File "/var/www/spirit-bead-backend/manage.py", line 22, in <module>
2026-01-02 04:49:35 +00:00:     main()
2026-01-02 04:49:35 +00:00:   File "/var/www/spirit-bead-backend/manage.py", line 13, in main
2026-01-02 04:49:35 +00:00:     raise ImportError(
2026-01-02 04:49:35 +00:00: ImportError: Couldn't import Django. Are you sure it's installed and available on your PYTHONPATH environment variable? Did you forget to activate a virtual environment?
2026-01-02 04:49:35 +00:00: Traceback (most recent call last):
2026-01-02 04:49:35 +00:00:   File "/var/www/spirit-bead-backend/manage.py", line 11, in main
2026-01-02 04:49:35 +00:00:     from django.core.management import execute_from_command_line
2026-01-02 04:49:35 +00:00: ModuleNotFoundError: No module named 'django'
2026-01-02 04:49:35 +00:00: 
2026-01-02 04:49:35 +00:00: The above exception was the direct cause of the following exception:
2026-01-02 04:49:35 +00:00: 
2026-01-02 04:49:35 +00:00: Traceback (most recent call last):
2026-01-02 04:49:35 +00:00:   File "/var/www/spirit-bead-backend/manage.py", line 22, in <module>
2026-01-02 04:49:35 +00:00:     main()
2026-01-02 04:49:35 +00:00:   File "/var/www/spirit-bead-backend/manage.py", line 13, in main
2026-01-02 04:49:35 +00:00:     raise ImportError(
2026-01-02 04:49:35 +00:00: ImportError: Couldn't import Django. Are you sure it's installed and available on your PYTHONPATH environment variable? Did you forget to activate a virtual environment?
2026-01-02 05:09:06 +00:00: Watching for file changes with StatReloader
2026-01-02 05:09:06 +00:00: Exception in thread django-main-thread:
2026-01-02 05:09:06 +00:00: Traceback (most recent call last):
2026-01-02 05:09:06 +00:00:   File "/usr/lib64/python3.12/threading.py", line 1075, in _bootstrap_inner
2026-01-02 05:09:06 +00:00:     
2026-01-02 05:09:06 +00:00: self.run()
2026-01-02 05:09:06 +00:00: 
2026-01-02 05:09:06 +00:00:   File "/usr/lib64/python3.12/threading.py", line 1012, in run
2026-01-02 05:09:06 +00:00:     
2026-01-02 05:09:06 +00:00: self._target(*self._args, **self._kwargs)
2026-01-02 05:09:06 +00:00:   File "/var/www/spirit-bead-backend/venv/lib64/python3.12/site-packages/django/utils/autoreload.py", line 64, in wrapper
2026-01-02 05:09:06 +00:00:     fn(*args, **kwargs)
2026-01-02 05:09:06 +00:00:   File "/var/www/spirit-bead-backend/venv/lib64/python3.12/site-packages/django/core/management/commands/runserver.py", line 136, in inner_run
2026-01-02 05:09:06 +00:00:     self.check_migrations()
2026-01-02 05:09:06 +00:00:   File "/var/www/spirit-bead-backend/venv/lib64/python3.12/site-packages/django/core/management/base.py", line 574, in check_migrations
2026-01-02 05:09:06 +00:00:     executor = MigrationExecutor(connections[DEFAULT_DB_ALIAS])
2026-01-02 05:09:06 +00:00:            ^^^^^^^^^^^^^^^^^^^^^^^^^^^^^^^^^^^^^^^^^^^^^^^^
2026-01-02 05:09:06 +00:00:   File "/var/www/spirit-bead-backend/venv/lib64/python3.12/site-packages/django/db/migrations/executor.py", line 18, in __init__
2026-01-02 05:09:06 +00:00:     self.loader = MigrationLoader(self.connection)
2026-01-02 05:09:06 +00:00:                   ^^^^^^^^^^^^^^^^^^^^^^^^^^^^^^^^
2026-01-02 05:09:06 +00:00:   File "/var/www/spirit-bead-backend/venv/lib64/python3.12/site-packages/django/db/migrations/loader.py", line 58, in __init__
2026-01-02 05:09:06 +00:00:     self.build_graph()
2026-01-02 05:09:06 +00:00:   File "/var/www/spirit-bead-backend/venv/lib64/python3.12/site-packages/django/db/migrations/loader.py", line 229, in build_graph
2026-01-02 05:09:06 +00:00:     self.load_disk()
2026-01-02 05:09:06 +00:00:   File "/var/www/spirit-bead-backend/venv/lib64/python3.12/site-packages/django/db/migrations/loader.py", line 130, in load_disk
2026-01-02 05:09:06 +00:00:     raise BadMigrationError(
2026-01-02 05:09:06 +00:00: django.db.migrations.exceptions.BadMigrationError: Migration 0003_create_sample_images in app products has no Migration class
2026-01-02 05:11:46 +00:00: Watching for file changes with StatReloader
2026-01-02 05:11:56 +00:00: [02/Jan/2026 05:11:56] "GET /api/products/ HTTP/1.1" 200 2053
2026-01-02 05:11:56 +00:00: [02/Jan/2026 05:11:56] "GET /media/products/product-2.jpg HTTP/1.1" 200 89098
2026-01-02 05:11:56 +00:00: [02/Jan/2026 05:11:56] "GET /media/products/raven.webp HTTP/1.1" 200 55004
2026-01-02 05:11:56 +00:00: [02/Jan/2026 05:11:56] "GET /media/products/product-3.jpg HTTP/1.1" 200 97257
2026-01-02 05:11:56 +00:00: [02/Jan/2026 05:11:56] "GET /media/products/product-1.jpg HTTP/1.1" 200 189715
2026-01-02 05:11:56 +00:00: [02/Jan/2026 05:11:56] "GET /media/products/product-4.jpg HTTP/1.1" 200 78072
2026-01-02 05:11:56 +00:00: [02/Jan/2026 05:11:56] "GET /media/products/product-6.jpg HTTP/1.1" 200 84486
2026-01-02 05:11:56 +00:00: [02/Jan/2026 05:11:56] "GET /media/products/product-5.jpg HTTP/1.1" 200 91366
2026-01-02 05:12:01 +00:00: [02/Jan/2026 05:12:01] "GET /api/products/ HTTP/1.1" 200 2053
2026-01-02 05:12:13 +00:00: Forbidden: /api/payments/create-checkout-session/
2026-01-02 05:12:13 +00:00: [02/Jan/2026 05:12:13] "POST /api/payments/create-checkout-session/ HTTP/1.1" 403 45
2026-01-02 05:14:45 +00:00: /var/www/spirit-bead-backend/spiritbead/settings.py changed, reloading.
2026-01-02 05:14:48 +00:00: Watching for file changes with StatReloader
2026-01-02 05:14:54 +00:00: /var/www/spirit-bead-backend/payments/views.py changed, reloading.
2026-01-02 05:14:56 +00:00: Watching for file changes with StatReloader
2026-01-02 05:15:08 +00:00: Watching for file changes with StatReloader
